// Jest Snapshot v1, https://goo.gl/fbAQLP

exports[`ConfigGrid - Should render empty ConfigGrid 1`] = `
<table>
  <tbody />
</table>
`;

exports[`ConfigGrid - Should render non-empty ConfigGrid 1`] = `
<table>
  <tbody>
    <tr>
      <td>
        item 1
      </td>
    </tr>
    <tr>
      <td>
        item 2
      </td>
    </tr>
    <tr>
      <td>
        item 3
      </td>
    </tr>
  </tbody>
</table>
`;
