// Jest Snapshot v1, https://goo.gl/fbAQLP

exports[`Nav - Should render Nav - Main view active 1`] = `
<div
  className="nav-container"
>
  <div
    className="nav-item"
  >
    <a
      aria-current={null}
      href="/boilerplate/main"
      onClick={[Function]}
    >
      Test - Main view
    </a>
  </div>
  <div
    className="nav-item"
  >
    <a
      aria-current={null}
      href="/boilerplate/secondary"
      onClick={[Function]}
    >
      Test - Secondary view
    </a>
  </div>
  <div
    className="nav-item"
  >
    <a
      aria-current={null}
      href="/boilerplate/featureflags"
      onClick={[Function]}
    >
      components.nav.featureflagsview
    </a>
  </div>
</div>
`;

exports[`Nav - Should render Nav - Secondary view active 1`] = `
<div
  className="nav-container"
>
  <div
    className="nav-item"
  >
    <a
      aria-current={null}
      href="/boilerplate/main"
      onClick={[Function]}
    >
      Test - Main view
    </a>
  </div>
  <div
    className="nav-item"
  >
    <a
      aria-current={null}
      href="/boilerplate/secondary"
      onClick={[Function]}
    >
      Test - Secondary view
    </a>
  </div>
  <div
    className="nav-item"
  >
    <a
      aria-current={null}
      href="/boilerplate/featureflags"
      onClick={[Function]}
    >
      components.nav.featureflagsview
    </a>
  </div>
</div>
`;
