// Jest Snapshot v1, https://goo.gl/fbAQLP

exports[`SecondaryView - Should render SecondaryView 1`] = `
<div
  className="container"
>
  <div
    className="row"
  >
    <div
      className="col-md-12"
    >
      <h1>
        <i
          className="ids-icon__dashboard"
        />
         Test - Secondary view
      </h1>
      <table>
        <tbody>
          <tr>
            <td>
              item one
            </td>
          </tr>
          <tr>
            <td>
              item two
            </td>
          </tr>
          <tr>
            <td>
              item three
            </td>
          </tr>
        </tbody>
      </table>
    </div>
  </div>
</div>
`;
